Traceback (most recent call last):
  File "/home/ctisseau/llm_lcd_finetune/RPN_generation/assisted_finetune.py", line 368, in <module>
    finetune(
  File "/home/ctisseau/llm_lcd_finetune/RPN_generation/assisted_finetune.py", line 54, in finetune
    model, tokenizer, rpn_logits_processor = load_model_tokenizer_rpnprocessor(output_dir, model_name, max_memory3)
                                             ^^^^^^^^^^^^^^^^^^^^^^^^^^^^^^^^^^^^^^^^^^^^^^^^^^^^^^^^^^^^^^^^^^^^^^
  File "/home/ctisseau/llm_lcd_finetune/RPN_generation/finetune_utils.py", line 124, in load_model_tokenizer_rpnprocessor
    clm_model = clm.TransformersLM(
                ^^^^^^^^^^^^^^^^^^^
  File "/home/ctisseau/llm_lcd_finetune/ConstraintLM/constraintlm/models/transformers.py", line 11, in __init__
    self.model = AutoModelForCausalLM.from_pretrained(model_hf_name, torch_dtype=torch_dtype, device_map=device_map, max_memory=max_memory)
                 ^^^^^^^^^^^^^^^^^^^^^^^^^^^^^^^^^^^^^^^^^^^^^^^^^^^^^^^^^^^^^^^^^^^^^^^^^^^^^^^^^^^^^^^^^^^^^^^^^^^^^^^^^^^^^^^^^^^^^^^^^^
  File "/home/ctisseau/miniconda3/envs/clm_finetune/lib/python3.11/site-packages/transformers/models/auto/auto_factory.py", line 571, in from_pretrained
    return model_class.from_pretrained(
           ^^^^^^^^^^^^^^^^^^^^^^^^^^^^
  File "/home/ctisseau/miniconda3/envs/clm_finetune/lib/python3.11/site-packages/transformers/modeling_utils.py", line 309, in _wrapper
    return func(*args, **kwargs)
           ^^^^^^^^^^^^^^^^^^^^^
  File "/home/ctisseau/miniconda3/envs/clm_finetune/lib/python3.11/site-packages/transformers/modeling_utils.py", line 4555, in from_pretrained
    device_map = _get_device_map(model, device_map, max_memory, hf_quantizer, torch_dtype, keep_in_fp32_regex)
                 ^^^^^^^^^^^^^^^^^^^^^^^^^^^^^^^^^^^^^^^^^^^^^^^^^^^^^^^^^^^^^^^^^^^^^^^^^^^^^^^^^^^^^^^^^^^^^
  File "/home/ctisseau/miniconda3/envs/clm_finetune/lib/python3.11/site-packages/transformers/modeling_utils.py", line 1315, in _get_device_map
    inferred_max_memory = get_balanced_memory(
                          ^^^^^^^^^^^^^^^^^^^^
  File "/home/ctisseau/miniconda3/envs/clm_finetune/lib/python3.11/site-packages/accelerate/utils/modeling.py", line 973, in get_balanced_memory
    max_memory = get_max_memory(max_memory)
                 ^^^^^^^^^^^^^^^^^^^^^^^^^^
  File "/home/ctisseau/miniconda3/envs/clm_finetune/lib/python3.11/site-packages/accelerate/utils/modeling.py", line 835, in get_max_memory
    max_memory[key] = convert_file_size_to_int(max_memory[key])
                      ^^^^^^^^^^^^^^^^^^^^^^^^^^^^^^^^^^^^^^^^^
  File "/home/ctisseau/miniconda3/envs/clm_finetune/lib/python3.11/site-packages/accelerate/utils/modeling.py", line 149, in convert_file_size_to_int
    raise ValueError(err_msg)
ValueError: `size` 7BB is not in a valid format. Use an integer for bytes, or a string with an unit (like '5.0GB').
